#miRNA results predicted by miRPara6.1
#By Yonggan Wu and Simon Rayner
#Report bugs to Yonggan Wu (weasteam@gmail.com) or Dr. Simon Rayner (sraynere@wh.iov.cn)
#Bioinformatics Group, State Key Laboratory of Virology, Wuhan Institute of Virology, Chinese Academy of Sciences.
#The Department of Biological Sciences, Texas Tech University.
#Homepage: http://www.whiov.ac.cn/bioinformatics/mirpara
#Google Project: http://code.google.com/p/mirpara/
#Facebook: https://www.facebook.com/mirpara2009
#model: /media/yonggan/a512f85a-535b-422c-9a5e-25a5547030d8/Institute/miRPara/models/overall_1.model
#cutoff: 0.8
#foldlength: 521
#overlaplength: 176
#
#priid	priseq	miid	miseq	strand	SVM_probability	miRBase
lin:1-94	augcuuccggcCUGUUCCCUGAGACCUCAAGUgugaguguacuauugaugcuucacaccugggcucuccggguaccaggacgguuugagcagau	lin:1-94:12_21	CUGUUCCCUGAGACCUCAAGU	5P	0.819423	
lin:1-94	augcuuccggcCUGUUCCCUGAGACCUCAAGUGugaguguacuauugaugcuucacaccugggcucuccggguaccaggacgguuugagcagau	lin:1-94:12_22	CUGUUCCCUGAGACCUCAAGUG	5P	0.874611	
lin:1-94	augcuuccggcCUGUUCCCUGAGACCUCAAGUGUgaguguacuauugaugcuucacaccugggcucuccggguaccaggacgguuugagcagau	lin:1-94:12_23	CUGUUCCCUGAGACCUCAAGUGU	5P	0.878004	
lin:1-94	augcuuccggcCUGUUCCCUGAGACCUCAAGUGUGaguguacuauugaugcuucacaccugggcucuccggguaccaggacgguuugagcagau	lin:1-94:12_24	CUGUUCCCUGAGACCUCAAGUGUG	5P	0.894584	
lin:1-94	augcuuccggccUGUUCCCUGAGACCUCAAGUgugaguguacuauugaugcuucacaccugggcucuccggguaccaggacgguuugagcagau	lin:1-94:13_20	UGUUCCCUGAGACCUCAAGU	5P	0.868573	
lin:1-94	augcuuccggccUGUUCCCUGAGACCUCAAGUGugaguguacuauugaugcuucacaccugggcucuccggguaccaggacgguuugagcagau	lin:1-94:13_21	UGUUCCCUGAGACCUCAAGUG	5P	0.934141	
lin:1-94	augcuuccggccUGUUCCCUGAGACCUCAAGUGUgaguguacuauugaugcuucacaccugggcucuccggguaccaggacgguuugagcagau	lin:1-94:13_22	UGUUCCCUGAGACCUCAAGUGU	5P	0.941499	
lin:1-94	augcuuccggccUGUUCCCUGAGACCUCAAGUGUGaguguacuauugaugcuucacaccugggcucuccggguaccaggacgguuugagcagau	lin:1-94:13_23	UGUUCCCUGAGACCUCAAGUGUG	5P	0.937092	
lin:1-94	augcuuccggccUGUUCCCUGAGACCUCAAGUGUGAguguacuauugaugcuucacaccugggcucuccggguaccaggacgguuugagcagau	lin:1-94:13_24	UGUUCCCUGAGACCUCAAGUGUGA	5P	0.908498	
lin:1-94	augcuuccggccuGUUCCCUGAGACCUCAAGUGugaguguacuauugaugcuucacaccugggcucuccggguaccaggacgguuugagcagau	lin:1-94:14_20	GUUCCCUGAGACCUCAAGUG	5P	0.901451	
lin:1-94	augcuuccggccuGUUCCCUGAGACCUCAAGUGUgaguguacuauugaugcuucacaccugggcucuccggguaccaggacgguuugagcagau	lin:1-94:14_21	GUUCCCUGAGACCUCAAGUGU	5P	0.938216	
lin:1-94	augcuuccggccuGUUCCCUGAGACCUCAAGUGUGaguguacuauugaugcuucacaccugggcucuccggguaccaggacgguuugagcagau	lin:1-94:14_22	GUUCCCUGAGACCUCAAGUGUG	5P	0.940389	
lin:1-94	augcuuccggccuGUUCCCUGAGACCUCAAGUGUGAguguacuauugaugcuucacaccugggcucuccggguaccaggacgguuugagcagau	lin:1-94:14_23	GUUCCCUGAGACCUCAAGUGUGA	5P	0.924739	
lin:1-94	augcuuccggccuGUUCCCUGAGACCUCAAGUGUGAGuguacuauugaugcuucacaccugggcucuccggguaccaggacgguuugagcagau	lin:1-94:14_24	GUUCCCUGAGACCUCAAGUGUGAG	5P	0.925908	
lin:1-94	augcuuccggccugUUCCCUGAGACCUCAAGUGUgaguguacuauugaugcuucacaccugggcucuccggguaccaggacgguuugagcagau	lin:1-94:15_20	UUCCCUGAGACCUCAAGUGU	5P	0.914384	
lin:1-94	augcuuccggccugUUCCCUGAGACCUCAAGUGUGaguguacuauugaugcuucacaccugggcucuccggguaccaggacgguuugagcagau	lin:1-94:15_21	UUCCCUGAGACCUCAAGUGUG	5P	0.930973	
lin:1-94	augcuuccggccugUUCCCUGAGACCUCAAGUGUGAguguacuauugaugcuucacaccugggcucuccggguaccaggacgguuugagcagau	lin:1-94:15_22	UUCCCUGAGACCUCAAGUGUGA	5P	0.918739	
lin:1-94	augcuuccggccugUUCCCUGAGACCUCAAGUGUGAGuguacuauugaugcuucacaccugggcucuccggguaccaggacgguuugagcagau	lin:1-94:15_23	UUCCCUGAGACCUCAAGUGUGAG	5P	0.920788	
lin:1-94	augcuuccggccugUUCCCUGAGACCUCAAGUGUGAGUguacuauugaugcuucacaccugggcucuccggguaccaggacgguuugagcagau	lin:1-94:15_24	UUCCCUGAGACCUCAAGUGUGAGU	5P	0.928646	
lin:1-94	augcuuccggccuguUCCCUGAGACCUCAAGUGUGaguguacuauugaugcuucacaccugggcucuccggguaccaggacgguuugagcagau	lin:1-94:16_20	UCCCUGAGACCUCAAGUGUG	5P	0.918354	lin-4-5p
lin:1-94	augcuuccggccuguUCCCUGAGACCUCAAGUGUGAguguacuauugaugcuucacaccugggcucuccggguaccaggacgguuugagcagau	lin:1-94:16_21	UCCCUGAGACCUCAAGUGUGA	5P	0.927565	lin-4-5p
lin:1-94	augcuuccggccuguUCCCUGAGACCUCAAGUGUGAGuguacuauugaugcuucacaccugggcucuccggguaccaggacgguuugagcagau	lin:1-94:16_22	UCCCUGAGACCUCAAGUGUGAG	5P	0.93754	
lin:1-94	augcuuccggccuguUCCCUGAGACCUCAAGUGUGAGUguacuauugaugcuucacaccugggcucuccggguaccaggacgguuugagcagau	lin:1-94:16_23	UCCCUGAGACCUCAAGUGUGAGU	5P	0.937816	
lin:1-94	augcuuccggccuguUCCCUGAGACCUCAAGUGUGAGUGuacuauugaugcuucacaccugggcucuccggguaccaggacgguuugagcagau	lin:1-94:16_24	UCCCUGAGACCUCAAGUGUGAGUG	5P	0.937874	
lin:1-94	augcuuccggccuguuCCCUGAGACCUCAAGUGUGAguguacuauugaugcuucacaccugggcucuccggguaccaggacgguuugagcagau	lin:1-94:17_20	CCCUGAGACCUCAAGUGUGA	5P	0.89779	
lin:1-94	augcuuccggccuguuCCCUGAGACCUCAAGUGUGAGuguacuauugaugcuucacaccugggcucuccggguaccaggacgguuugagcagau	lin:1-94:17_21	CCCUGAGACCUCAAGUGUGAG	5P	0.933828	
lin:1-94	augcuuccggccuguuCCCUGAGACCUCAAGUGUGAGUguacuauugaugcuucacaccugggcucuccggguaccaggacgguuugagcagau	lin:1-94:17_22	CCCUGAGACCUCAAGUGUGAGU	5P	0.953333	
lin:1-94	augcuuccggccuguuCCCUGAGACCUCAAGUGUGAGUGuacuauugaugcuucacaccugggcucuccggguaccaggacgguuugagcagau	lin:1-94:17_23	CCCUGAGACCUCAAGUGUGAGUG	5P	0.947278	
lin:1-94	augcuuccggccuguuCCCUGAGACCUCAAGUGUGAGUGUacuauugaugcuucacaccugggcucuccggguaccaggacgguuugagcagau	lin:1-94:17_24	CCCUGAGACCUCAAGUGUGAGUGU	5P	0.920739	
lin:1-94	augcuuccggccuguucCCUGAGACCUCAAGUGUGAGuguacuauugaugcuucacaccugggcucuccggguaccaggacgguuugagcagau	lin:1-94:18_20	CCUGAGACCUCAAGUGUGAG	5P	0.915655	
lin:1-94	augcuuccggccuguucCCUGAGACCUCAAGUGUGAGUguacuauugaugcuucacaccugggcucuccggguaccaggacgguuugagcagau	lin:1-94:18_21	CCUGAGACCUCAAGUGUGAGU	5P	0.953986	
lin:1-94	augcuuccggccuguucCCUGAGACCUCAAGUGUGAGUGuacuauugaugcuucacaccugggcucuccggguaccaggacgguuugagcagau	lin:1-94:18_22	CCUGAGACCUCAAGUGUGAGUG	5P	0.941427	
lin:1-94	augcuuccggccuguucCCUGAGACCUCAAGUGUGAGUGUacuauugaugcuucacaccugggcucuccggguaccaggacgguuugagcagau	lin:1-94:18_23	CCUGAGACCUCAAGUGUGAGUGU	5P	0.957858	
lin:1-94	augcuuccggccuguuccCUGAGACCUCAAGUGUGAGUguacuauugaugcuucacaccugggcucuccggguaccaggacgguuugagcagau	lin:1-94:19_20	CUGAGACCUCAAGUGUGAGU	5P	0.92639	
lin:1-94	augcuuccggccuguuccCUGAGACCUCAAGUGUGAGUGuacuauugaugcuucacaccugggcucuccggguaccaggacgguuugagcagau	lin:1-94:19_21	CUGAGACCUCAAGUGUGAGUG	5P	0.923047	
lin:1-94	augcuuccggccuguuccCUGAGACCUCAAGUGUGAGUGUacuauugaugcuucacaccugggcucuccggguaccaggacgguuugagcagau	lin:1-94:19_22	CUGAGACCUCAAGUGUGAGUGU	5P	0.960103	
lin:1-94	augcuuccggccuguucccugagaccucaagugugaguguacuauugauGCUUCACACCUGGGCUCUCCGGguaccaggacgguuugagcagau	lin:1-94:50_22	GCUUCACACCUGGGCUCUCCGG	3P	0.909863	
lin:1-94	augcuuccggccuguucccugagaccucaagugugaguguacuauugauGCUUCACACCUGGGCUCUCCGGGuaccaggacgguuugagcagau	lin:1-94:50_23	GCUUCACACCUGGGCUCUCCGGG	3P	0.881097	
lin:1-94	augcuuccggccuguucccugagaccucaagugugaguguacuauugauGCUUCACACCUGGGCUCUCCGGGUaccaggacgguuugagcagau	lin:1-94:50_24	GCUUCACACCUGGGCUCUCCGGGU	3P	0.817804	
lin:1-94	augcuuccggccuguucccugagaccucaagugugaguguacuauugaugCUUCACACCUGGGCUCUCCGGguaccaggacgguuugagcagau	lin:1-94:51_21	CUUCACACCUGGGCUCUCCGG	3P	0.960788	
lin:1-94	augcuuccggccuguucccugagaccucaagugugaguguacuauugaugCUUCACACCUGGGCUCUCCGGGuaccaggacgguuugagcagau	lin:1-94:51_22	CUUCACACCUGGGCUCUCCGGG	3P	0.947386	
lin:1-94	augcuuccggccuguucccugagaccucaagugugaguguacuauugaugCUUCACACCUGGGCUCUCCGGGUaccaggacgguuugagcagau	lin:1-94:51_23	CUUCACACCUGGGCUCUCCGGGU	3P	0.91274	
lin:1-94	augcuuccggccuguucccugagaccucaagugugaguguacuauugaugCUUCACACCUGGGCUCUCCGGGUAccaggacgguuugagcagau	lin:1-94:51_24	CUUCACACCUGGGCUCUCCGGGUA	3P	0.877277	
lin:1-94	augcuuccggccuguucccugagaccucaagugugaguguacuauugaugcUUCACACCUGGGCUCUCCGGguaccaggacgguuugagcagau	lin:1-94:52_20	UUCACACCUGGGCUCUCCGG	3P	0.97842	
lin:1-94	augcuuccggccuguucccugagaccucaagugugaguguacuauugaugcUUCACACCUGGGCUCUCCGGGuaccaggacgguuugagcagau	lin:1-94:52_21	UUCACACCUGGGCUCUCCGGG	3P	0.980413	
lin:1-94	augcuuccggccuguucccugagaccucaagugugaguguacuauugaugcUUCACACCUGGGCUCUCCGGGUaccaggacgguuugagcagau	lin:1-94:52_22	UUCACACCUGGGCUCUCCGGGU	3P	0.963158	
lin:1-94	augcuuccggccuguucccugagaccucaagugugaguguacuauugaugcUUCACACCUGGGCUCUCCGGGUAccaggacgguuugagcagau	lin:1-94:52_23	UUCACACCUGGGCUCUCCGGGUA	3P	0.915872	
lin:1-94	augcuuccggccuguucccugagaccucaagugugaguguacuauugaugcUUCACACCUGGGCUCUCCGGGUACcaggacgguuugagcagau	lin:1-94:52_24	UUCACACCUGGGCUCUCCGGGUAC	3P	0.898264	
lin:1-94	augcuuccggccuguucccugagaccucaagugugaguguacuauugaugcuUCACACCUGGGCUCUCCGGGuaccaggacgguuugagcagau	lin:1-94:53_20	UCACACCUGGGCUCUCCGGG	3P	0.979927	
lin:1-94	augcuuccggccuguucccugagaccucaagugugaguguacuauugaugcuUCACACCUGGGCUCUCCGGGUaccaggacgguuugagcagau	lin:1-94:53_21	UCACACCUGGGCUCUCCGGGU	3P	0.981666	
lin:1-94	augcuuccggccuguucccugagaccucaagugugaguguacuauugaugcuUCACACCUGGGCUCUCCGGGUAccaggacgguuugagcagau	lin:1-94:53_22	UCACACCUGGGCUCUCCGGGUA	3P	0.960115	
lin:1-94	augcuuccggccuguucccugagaccucaagugugaguguacuauugaugcuUCACACCUGGGCUCUCCGGGUACcaggacgguuugagcagau	lin:1-94:53_23	UCACACCUGGGCUCUCCGGGUAC	3P	0.928621	
lin:1-94	augcuuccggccuguucccugagaccucaagugugaguguacuauugaugcuUCACACCUGGGCUCUCCGGGUACCaggacgguuugagcagau	lin:1-94:53_24	UCACACCUGGGCUCUCCGGGUACC	3P	0.939491	
lin:1-94	augcuuccggccuguucccugagaccucaagugugaguguacuauugaugcuuCACACCUGGGCUCUCCGGGUaccaggacgguuugagcagau	lin:1-94:54_20	CACACCUGGGCUCUCCGGGU	3P	0.971937	
lin:1-94	augcuuccggccuguucccugagaccucaagugugaguguacuauugaugcuuCACACCUGGGCUCUCCGGGUAccaggacgguuugagcagau	lin:1-94:54_21	CACACCUGGGCUCUCCGGGUA	3P	0.969864	
lin:1-94	augcuuccggccuguucccugagaccucaagugugaguguacuauugaugcuuCACACCUGGGCUCUCCGGGUACcaggacgguuugagcagau	lin:1-94:54_22	CACACCUGGGCUCUCCGGGUAC	3P	0.957863	
lin:1-94	augcuuccggccuguucccugagaccucaagugugaguguacuauugaugcuuCACACCUGGGCUCUCCGGGUACCaggacgguuugagcagau	lin:1-94:54_23	CACACCUGGGCUCUCCGGGUACC	3P	0.952304	
lin:1-94	augcuuccggccuguucccugagaccucaagugugaguguacuauugaugcuuCACACCUGGGCUCUCCGGGUACCAggacgguuugagcagau	lin:1-94:54_24	CACACCUGGGCUCUCCGGGUACCA	3P	0.942022	
lin:1-94	augcuuccggccuguucccugagaccucaagugugaguguacuauugaugcuucACACCUGGGCUCUCCGGGUAccaggacgguuugagcagau	lin:1-94:55_20	ACACCUGGGCUCUCCGGGUA	3P	0.940167	
lin:1-94	augcuuccggccuguucccugagaccucaagugugaguguacuauugaugcuucACACCUGGGCUCUCCGGGUACcaggacgguuugagcagau	lin:1-94:55_21	ACACCUGGGCUCUCCGGGUAC	3P	0.937464	lin-4-3p
lin:1-94	augcuuccggccuguucccugagaccucaagugugaguguacuauugaugcuucACACCUGGGCUCUCCGGGUACCaggacgguuugagcagau	lin:1-94:55_22	ACACCUGGGCUCUCCGGGUACC	3P	0.948324	
lin:1-94	augcuuccggccuguucccugagaccucaagugugaguguacuauugaugcuucACACCUGGGCUCUCCGGGUACCAggacgguuugagcagau	lin:1-94:55_23	ACACCUGGGCUCUCCGGGUACCA	3P	0.939383	
lin:1-94	augcuuccggccuguucccugagaccucaagugugaguguacuauugaugcuucACACCUGGGCUCUCCGGGUACCAGgacgguuugagcagau	lin:1-94:55_24	ACACCUGGGCUCUCCGGGUACCAG	3P	0.939743	
lin:1-94	augcuuccggccuguucccugagaccucaagugugaguguacuauugaugcuucaCACCUGGGCUCUCCGGGUACcaggacgguuugagcagau	lin:1-94:56_20	CACCUGGGCUCUCCGGGUAC	3P	0.870743	
lin:1-94	augcuuccggccuguucccugagaccucaagugugaguguacuauugaugcuucaCACCUGGGCUCUCCGGGUACCaggacgguuugagcagau	lin:1-94:56_21	CACCUGGGCUCUCCGGGUACC	3P	0.932208	
lin:1-94	augcuuccggccuguucccugagaccucaagugugaguguacuauugaugcuucaCACCUGGGCUCUCCGGGUACCAggacgguuugagcagau	lin:1-94:56_22	CACCUGGGCUCUCCGGGUACCA	3P	0.937158	
lin:1-94	augcuuccggccuguucccugagaccucaagugugaguguacuauugaugcuucaCACCUGGGCUCUCCGGGUACCAGgacgguuugagcagau	lin:1-94:56_23	CACCUGGGCUCUCCGGGUACCAG	3P	0.948822	
lin:1-94	augcuuccggccuguucccugagaccucaagugugaguguacuauugaugcuucaCACCUGGGCUCUCCGGGUACCAGGacgguuugagcagau	lin:1-94:56_24	CACCUGGGCUCUCCGGGUACCAGG	3P	0.825805	
lin:1-94	augcuuccggccuguucccugagaccucaagugugaguguacuauugaugcuucacACCUGGGCUCUCCGGGUACCaggacgguuugagcagau	lin:1-94:57_20	ACCUGGGCUCUCCGGGUACC	3P	0.84361	
lin:1-94	augcuuccggccuguucccugagaccucaagugugaguguacuauugaugcuucacACCUGGGCUCUCCGGGUACCAggacgguuugagcagau	lin:1-94:57_21	ACCUGGGCUCUCCGGGUACCA	3P	0.888604	
lin:1-94	augcuuccggccuguucccugagaccucaagugugaguguacuauugaugcuucacACCUGGGCUCUCCGGGUACCAGgacgguuugagcagau	lin:1-94:57_22	ACCUGGGCUCUCCGGGUACCAG	3P	0.915987	
lin:1-94	augcuuccggccuguucccugagaccucaagugugaguguacuauugaugcuucacaCCUGGGCUCUCCGGGUACCAGgacgguuugagcagau	lin:1-94:58_21	CCUGGGCUCUCCGGGUACCAG	3P	0.812588	
cel:1-99	uacacuguggaucCGGUGAGGUAGUAGGUUGUAUAguuuggaauauuaccaccggugaacuaugcaauuuucuaccuuaccggagacagaacucuucga	cel:1-99:14_22	CGGUGAGGUAGUAGGUUGUAUA	5P	0.821794	
cel:1-99	uacacuguggaucCGGUGAGGUAGUAGGUUGUAUAGuuuggaauauuaccaccggugaacuaugcaauuuucuaccuuaccggagacagaacucuucga	cel:1-99:14_23	CGGUGAGGUAGUAGGUUGUAUAG	5P	0.84613	
cel:1-99	uacacuguggaucCGGUGAGGUAGUAGGUUGUAUAGUuuggaauauuaccaccggugaacuaugcaauuuucuaccuuaccggagacagaacucuucga	cel:1-99:14_24	CGGUGAGGUAGUAGGUUGUAUAGU	5P	0.809409	
cel:1-99	uacacuguggauccGGUGAGGUAGUAGGUUGUAUAguuuggaauauuaccaccggugaacuaugcaauuuucuaccuuaccggagacagaacucuucga	cel:1-99:15_21	GGUGAGGUAGUAGGUUGUAUA	5P	0.890234	
cel:1-99	uacacuguggauccGGUGAGGUAGUAGGUUGUAUAGuuuggaauauuaccaccggugaacuaugcaauuuucuaccuuaccggagacagaacucuucga	cel:1-99:15_22	GGUGAGGUAGUAGGUUGUAUAG	5P	0.938535	
cel:1-99	uacacuguggauccGGUGAGGUAGUAGGUUGUAUAGUuuggaauauuaccaccggugaacuaugcaauuuucuaccuuaccggagacagaacucuucga	cel:1-99:15_23	GGUGAGGUAGUAGGUUGUAUAGU	5P	0.954181	
cel:1-99	uacacuguggauccGGUGAGGUAGUAGGUUGUAUAGUUuggaauauuaccaccggugaacuaugcaauuuucuaccuuaccggagacagaacucuucga	cel:1-99:15_24	GGUGAGGUAGUAGGUUGUAUAGUU	5P	0.945969	
cel:1-99	uacacuguggauccgGUGAGGUAGUAGGUUGUAUAguuuggaauauuaccaccggugaacuaugcaauuuucuaccuuaccggagacagaacucuucga	cel:1-99:16_20	GUGAGGUAGUAGGUUGUAUA	5P	0.852671	
cel:1-99	uacacuguggauccgGUGAGGUAGUAGGUUGUAUAGuuuggaauauuaccaccggugaacuaugcaauuuucuaccuuaccggagacagaacucuucga	cel:1-99:16_21	GUGAGGUAGUAGGUUGUAUAG	5P	0.926455	
cel:1-99	uacacuguggauccgGUGAGGUAGUAGGUUGUAUAGUuuggaauauuaccaccggugaacuaugcaauuuucuaccuuaccggagacagaacucuucga	cel:1-99:16_22	GUGAGGUAGUAGGUUGUAUAGU	5P	0.947035	
cel:1-99	uacacuguggauccgGUGAGGUAGUAGGUUGUAUAGUUuggaauauuaccaccggugaacuaugcaauuuucuaccuuaccggagacagaacucuucga	cel:1-99:16_23	GUGAGGUAGUAGGUUGUAUAGUU	5P	0.949683	
cel:1-99	uacacuguggauccggUGAGGUAGUAGGUUGUAUAGuuuggaauauuaccaccggugaacuaugcaauuuucuaccuuaccggagacagaacucuucga	cel:1-99:17_20	UGAGGUAGUAGGUUGUAUAG	5P	0.887177	let-7-5p;let-7a
cel:1-99	uacacuguggauccggUGAGGUAGUAGGUUGUAUAGUuuggaauauuaccaccggugaacuaugcaauuuucuaccuuaccggagacagaacucuucga	cel:1-99:17_21	UGAGGUAGUAGGUUGUAUAGU	5P	0.920748	let-7-5p;let-7a-5p
cel:1-99	uacacuguggauccggUGAGGUAGUAGGUUGUAUAGUUuggaauauuaccaccggugaacuaugcaauuuucuaccuuaccggagacagaacucuucga	cel:1-99:17_22	UGAGGUAGUAGGUUGUAUAGUU	5P	0.916801	let-7-5p;let-7a-5p;let-7j
cel:1-99	uacacuguggauccggUGAGGUAGUAGGUUGUAUAGUUUggaauauuaccaccggugaacuaugcaauuuucuaccuuaccggagacagaacucuucga	cel:1-99:17_23	UGAGGUAGUAGGUUGUAUAGUUU	5P	0.917523	
cel:1-99	uacacuguggauccggUGAGGUAGUAGGUUGUAUAGUUUGgaauauuaccaccggugaacuaugcaauuuucuaccuuaccggagacagaacucuucga	cel:1-99:17_24	UGAGGUAGUAGGUUGUAUAGUUUG	5P	0.926989	
cel:1-99	uacacuguggauccgguGAGGUAGUAGGUUGUAUAGUuuggaauauuaccaccggugaacuaugcaauuuucuaccuuaccggagacagaacucuucga	cel:1-99:18_20	GAGGUAGUAGGUUGUAUAGU	5P	0.911878	
cel:1-99	uacacuguggauccgguGAGGUAGUAGGUUGUAUAGUUuggaauauuaccaccggugaacuaugcaauuuucuaccuuaccggagacagaacucuucga	cel:1-99:18_21	GAGGUAGUAGGUUGUAUAGUU	5P	0.90616	
cel:1-99	uacacuguggauccgguGAGGUAGUAGGUUGUAUAGUUUggaauauuaccaccggugaacuaugcaauuuucuaccuuaccggagacagaacucuucga	cel:1-99:18_22	GAGGUAGUAGGUUGUAUAGUUU	5P	0.93215	
cel:1-99	uacacuguggauccgguGAGGUAGUAGGUUGUAUAGUUUGgaauauuaccaccggugaacuaugcaauuuucuaccuuaccggagacagaacucuucga	cel:1-99:18_23	GAGGUAGUAGGUUGUAUAGUUUG	5P	0.947496	
cel:1-99	uacacuguggauccgguGAGGUAGUAGGUUGUAUAGUUUGGaauauuaccaccggugaacuaugcaauuuucuaccuuaccggagacagaacucuucga	cel:1-99:18_24	GAGGUAGUAGGUUGUAUAGUUUGG	5P	0.942938	
cel:1-99	uacacuguggauccggugAGGUAGUAGGUUGUAUAGUUuggaauauuaccaccggugaacuaugcaauuuucuaccuuaccggagacagaacucuucga	cel:1-99:19_20	AGGUAGUAGGUUGUAUAGUU	5P	0.888224	
cel:1-99	uacacuguggauccggugAGGUAGUAGGUUGUAUAGUUUggaauauuaccaccggugaacuaugcaauuuucuaccuuaccggagacagaacucuucga	cel:1-99:19_21	AGGUAGUAGGUUGUAUAGUUU	5P	0.918162	
cel:1-99	uacacuguggauccggugAGGUAGUAGGUUGUAUAGUUUGgaauauuaccaccggugaacuaugcaauuuucuaccuuaccggagacagaacucuucga	cel:1-99:19_22	AGGUAGUAGGUUGUAUAGUUUG	5P	0.913032	
cel:1-99	uacacuguggauccggugAGGUAGUAGGUUGUAUAGUUUGGaauauuaccaccggugaacuaugcaauuuucuaccuuaccggagacagaacucuucga	cel:1-99:19_23	AGGUAGUAGGUUGUAUAGUUUGG	5P	0.926623	
cel:1-99	uacacuguggauccggugaGGUAGUAGGUUGUAUAGUUUggaauauuaccaccggugaacuaugcaauuuucuaccuuaccggagacagaacucuucga	cel:1-99:20_20	GGUAGUAGGUUGUAUAGUUU	5P	0.949775	
cel:1-99	uacacuguggauccggugaGGUAGUAGGUUGUAUAGUUUGgaauauuaccaccggugaacuaugcaauuuucuaccuuaccggagacagaacucuucga	cel:1-99:20_21	GGUAGUAGGUUGUAUAGUUUG	5P	0.948987	
cel:1-99	uacacuguggauccggugaGGUAGUAGGUUGUAUAGUUUGGaauauuaccaccggugaacuaugcaauuuucuaccuuaccggagacagaacucuucga	cel:1-99:20_22	GGUAGUAGGUUGUAUAGUUUGG	5P	0.958453	
cel:1-99	uacacuguggauccggugagGUAGUAGGUUGUAUAGUUUGgaauauuaccaccggugaacuaugcaauuuucuaccuuaccggagacagaacucuucga	cel:1-99:21_20	GUAGUAGGUUGUAUAGUUUG	5P	0.922823	
cel:1-99	uacacuguggauccggugagGUAGUAGGUUGUAUAGUUUGGaauauuaccaccggugaacuaugcaauuuucuaccuuaccggagacagaacucuucga	cel:1-99:21_21	GUAGUAGGUUGUAUAGUUUGG	5P	0.957386	
cel:1-99	uacacuguggauccggugagGUAGUAGGUUGUAUAGUUUGGAAUauuaccaccggugaacuaugcaauuuucuaccuuaccggagacagaacucuucga	cel:1-99:21_24	GUAGUAGGUUGUAUAGUUUGGAAU	5P	0.843354	
cel:1-99	uacacuguggauccggugagguaguagguuguauaguuuggaauauuaccaccGGUGAACUAUGCAAUUUUCUACCuuaccggagacagaacucuucga	cel:1-99:54_23	GGUGAACUAUGCAAUUUUCUACC	3P	0.884048	
cel:1-99	uacacuguggauccggugagguaguagguuguauaguuuggaauauuaccaccGGUGAACUAUGCAAUUUUCUACCUuaccggagacagaacucuucga	cel:1-99:54_24	GGUGAACUAUGCAAUUUUCUACCU	3P	0.923707	
cel:1-99	uacacuguggauccggugagguaguagguuguauaguuuggaauauuaccaccgGUGAACUAUGCAAUUUUCUACcuuaccggagacagaacucuucga	cel:1-99:55_21	GUGAACUAUGCAAUUUUCUAC	3P	0.880258	
cel:1-99	uacacuguggauccggugagguaguagguuguauaguuuggaauauuaccaccgGUGAACUAUGCAAUUUUCUACCuuaccggagacagaacucuucga	cel:1-99:55_22	GUGAACUAUGCAAUUUUCUACC	3P	0.960614	
cel:1-99	uacacuguggauccggugagguaguagguuguauaguuuggaauauuaccaccgGUGAACUAUGCAAUUUUCUACCUuaccggagacagaacucuucga	cel:1-99:55_23	GUGAACUAUGCAAUUUUCUACCU	3P	0.948545	
cel:1-99	uacacuguggauccggugagguaguagguuguauaguuuggaauauuaccaccgGUGAACUAUGCAAUUUUCUACCUUaccggagacagaacucuucga	cel:1-99:55_24	GUGAACUAUGCAAUUUUCUACCUU	3P	0.937978	
cel:1-99	uacacuguggauccggugagguaguagguuguauaguuuggaauauuaccaccggUGAACUAUGCAAUUUUCUACcuuaccggagacagaacucuucga	cel:1-99:56_20	UGAACUAUGCAAUUUUCUAC	3P	0.826508	
cel:1-99	uacacuguggauccggugagguaguagguuguauaguuuggaauauuaccaccggUGAACUAUGCAAUUUUCUACCuuaccggagacagaacucuucga	cel:1-99:56_21	UGAACUAUGCAAUUUUCUACC	3P	0.953134	
cel:1-99	uacacuguggauccggugagguaguagguuguauaguuuggaauauuaccaccggUGAACUAUGCAAUUUUCUACCUuaccggagacagaacucuucga	cel:1-99:56_22	UGAACUAUGCAAUUUUCUACCU	3P	0.939107	
cel:1-99	uacacuguggauccggugagguaguagguuguauaguuuggaauauuaccaccggUGAACUAUGCAAUUUUCUACCUUaccggagacagaacucuucga	cel:1-99:56_23	UGAACUAUGCAAUUUUCUACCUU	3P	0.927058	
cel:1-99	uacacuguggauccggugagguaguagguuguauaguuuggaauauuaccaccggUGAACUAUGCAAUUUUCUACCUUAccggagacagaacucuucga	cel:1-99:56_24	UGAACUAUGCAAUUUUCUACCUUA	3P	0.901713	
cel:1-99	uacacuguggauccggugagguaguagguuguauaguuuggaauauuaccaccgguGAACUAUGCAAUUUUCUACCuuaccggagacagaacucuucga	cel:1-99:57_20	GAACUAUGCAAUUUUCUACC	3P	0.885321	
cel:1-99	uacacuguggauccggugagguaguagguuguauaguuuggaauauuaccaccgguGAACUAUGCAAUUUUCUACCUuaccggagacagaacucuucga	cel:1-99:57_21	GAACUAUGCAAUUUUCUACCU	3P	0.904704	
cel:1-99	uacacuguggauccggugagguaguagguuguauaguuuggaauauuaccaccgguGAACUAUGCAAUUUUCUACCUUaccggagacagaacucuucga	cel:1-99:57_22	GAACUAUGCAAUUUUCUACCUU	3P	0.908417	
cel:1-99	uacacuguggauccggugagguaguagguuguauaguuuggaauauuaccaccgguGAACUAUGCAAUUUUCUACCUUAccggagacagaacucuucga	cel:1-99:57_23	GAACUAUGCAAUUUUCUACCUUA	3P	0.873827	
cel:1-99	uacacuguggauccggugagguaguagguuguauaguuuggaauauuaccaccgguGAACUAUGCAAUUUUCUACCUUACcggagacagaacucuucga	cel:1-99:57_24	GAACUAUGCAAUUUUCUACCUUAC	3P	0.886279	
cel:1-99	uacacuguggauccggugagguaguagguuguauaguuuggaauauuaccaccggugAACUAUGCAAUUUUCUACCUuaccggagacagaacucuucga	cel:1-99:58_20	AACUAUGCAAUUUUCUACCU	3P	0.833813	
cel:1-99	uacacuguggauccggugagguaguagguuguauaguuuggaauauuaccaccggugAACUAUGCAAUUUUCUACCUUaccggagacagaacucuucga	cel:1-99:58_21	AACUAUGCAAUUUUCUACCUU	3P	0.909538	
cel:1-99	uacacuguggauccggugagguaguagguuguauaguuuggaauauuaccaccggugAACUAUGCAAUUUUCUACCUUAccggagacagaacucuucga	cel:1-99:58_22	AACUAUGCAAUUUUCUACCUUA	3P	0.910174	
cel:1-99	uacacuguggauccggugagguaguagguuguauaguuuggaauauuaccaccggugAACUAUGCAAUUUUCUACCUUACcggagacagaacucuucga	cel:1-99:58_23	AACUAUGCAAUUUUCUACCUUAC	3P	0.927876	
cel:1-99	uacacuguggauccggugagguaguagguuguauaguuuggaauauuaccaccggugAACUAUGCAAUUUUCUACCUUACCggagacagaacucuucga	cel:1-99:58_24	AACUAUGCAAUUUUCUACCUUACC	3P	0.92408	
cel:1-99	uacacuguggauccggugagguaguagguuguauaguuuggaauauuaccaccggugaACUAUGCAAUUUUCUACCUUaccggagacagaacucuucga	cel:1-99:59_20	ACUAUGCAAUUUUCUACCUU	3P	0.873655	
cel:1-99	uacacuguggauccggugagguaguagguuguauaguuuggaauauuaccaccggugaACUAUGCAAUUUUCUACCUUAccggagacagaacucuucga	cel:1-99:59_21	ACUAUGCAAUUUUCUACCUUA	3P	0.909351	
cel:1-99	uacacuguggauccggugagguaguagguuguauaguuuggaauauuaccaccggugaACUAUGCAAUUUUCUACCUUACcggagacagaacucuucga	cel:1-99:59_22	ACUAUGCAAUUUUCUACCUUAC	3P	0.936505	
cel:1-99	uacacuguggauccggugagguaguagguuguauaguuuggaauauuaccaccggugaACUAUGCAAUUUUCUACCUUACCggagacagaacucuucga	cel:1-99:59_23	ACUAUGCAAUUUUCUACCUUACC	3P	0.930502	
cel:1-99	uacacuguggauccggugagguaguagguuguauaguuuggaauauuaccaccggugaACUAUGCAAUUUUCUACCUUACCGgagacagaacucuucga	cel:1-99:59_24	ACUAUGCAAUUUUCUACCUUACCG	3P	0.868982	
cel:1-99	uacacuguggauccggugagguaguagguuguauaguuuggaauauuaccaccggugaaCUAUGCAAUUUUCUACCUUAccggagacagaacucuucga	cel:1-99:60_20	CUAUGCAAUUUUCUACCUUA	3P	0.855999	
cel:1-99	uacacuguggauccggugagguaguagguuguauaguuuggaauauuaccaccggugaaCUAUGCAAUUUUCUACCUUACcggagacagaacucuucga	cel:1-99:60_21	CUAUGCAAUUUUCUACCUUAC	3P	0.921869	
cel:1-99	uacacuguggauccggugagguaguagguuguauaguuuggaauauuaccaccggugaaCUAUGCAAUUUUCUACCUUACCggagacagaacucuucga	cel:1-99:60_22	CUAUGCAAUUUUCUACCUUACC	3P	0.910227	
cel:1-99	uacacuguggauccggugagguaguagguuguauaguuuggaauauuaccaccggugaaCUAUGCAAUUUUCUACCUUACCGgagacagaacucuucga	cel:1-99:60_23	CUAUGCAAUUUUCUACCUUACCG	3P	0.850924	
cel:1-99	uacacuguggauccggugagguaguagguuguauaguuuggaauauuaccaccggugaacUAUGCAAUUUUCUACCUUACcggagacagaacucuucga	cel:1-99:61_20	UAUGCAAUUUUCUACCUUAC	3P	0.89234	
cel:1-99	uacacuguggauccggugagguaguagguuguauaguuuggaauauuaccaccggugaacUAUGCAAUUUUCUACCUUACCggagacagaacucuucga	cel:1-99:61_21	UAUGCAAUUUUCUACCUUACC	3P	0.909416	
cel:1-99	uacacuguggauccggugagguaguagguuguauaguuuggaauauuaccaccggugaacUAUGCAAUUUUCUACCUUACCGgagacagaacucuucga	cel:1-99:61_22	UAUGCAAUUUUCUACCUUACCG	3P	0.892412	
cel:1-99	uacacuguggauccggugagguaguagguuguauaguuuggaauauuaccaccggugaacUAUGCAAUUUUCUACCUUACCGGagacagaacucuucga	cel:1-99:61_23	UAUGCAAUUUUCUACCUUACCGG	3P	0.844768	
